     1                                  ; hello-os
     2                                  ; TAB=4
     3                                  
     4                                  CYLS        EQU     10      ; どこまで読み込むか
     5                                  
     6                                              ORG     0x7c00  ; このプログラムが何処によみこまれるのか
     7                                  
     8                                  ; 以下は標準的なFAT12フォーマットフロッピーディスクのための記述
     9                                  
    10 00000000 EB4A                        JMP     entry
    11 00000002 90                          DB      0x90
    12 00000003 48454C4C4F49504C            DB      "HELLOIPL"
    13 0000000B 0002                        DW      512             ; 1セクタの大きさ                           (512にしなければならない)
    14 0000000D 01                          DB      1               ; クラスタの大きさ                          (1セクタにしなければならない)
    15 0000000E 0100                        DW      1               ; FATがどこから始まるか                     (普通は1セクタ目からにする)
    16 00000010 02                          DB      2               ; FATの個数                                 (2にしなければならない)
    17 00000011 E000                        DW      224             ; ルートディレクトリ領域の大きさ            (普通は224エントリにする)
    18 00000013 400B                        DW      2880            ; このドライブの大きさ                      (2880セクタにしなければならない)
    19 00000015 F0                          DB      0xf0            ; メディアタイプ                            (0xf0にしなければならない)
    20 00000016 0900                        DW      9               ; FAT領域の長さ                             (9セクタにしなければならない)
    21 00000018 1200                        DW      18              ; 1トラックにいくつのセクタがあるか         (18にしなければならない)
    22 0000001A 0200                        DW      2               ; ヘッドの数                                (2にしなければならない)
    23 0000001C 00000000                    DD      0               ; パーティションを使っていないのでここは必ず0
    24 00000020 400B0000                    DD      2880            ; このドライブの大きさをもう一度書く
    25 00000024 000029                      DB      0, 0, 0x29      ; よくわからないけどこの値にしておくといいらしい
    26 00000027 FFFFFFFF                    DD      0xffffffff      ; たぶんボリュームシリアル番号
    27 0000002B 48415249424F54454F-         DB      "HARIBOTEOS"    ; ディスクの名前                            (11Byte)
    27 00000034 53                 
    28 00000035 4641543132                  DB      "FAT12"         ; フォーマットの名前                        (8Byte)
    29 0000003A <res 00000012>              RESB    18              ; とりあえず18バイト開けておく
    29          ******************       warning: uninitialized space declared in .text section: zeroing
    30                                  
    31                                  ; Program Main Body
    32                                  
    33                                  entry:
    34 0000004C B80000                      MOV     AX,0            ; レジスタ初期化
    35 0000004F 8ED0                        MOV     SS,AX
    36 00000051 BC007C                      MOV     SP,0x7c00
    37 00000054 8ED8                        MOV     DS,AX
    38                                  
    39                                  ; Read disk
    40                                  
    41 00000056 B82008                      MOV     AX,0x0820
    42 00000059 8EC0                        MOV     ES,AX
    43 0000005B B500                        MOV     CH,0            ; シリンダ0
    44 0000005D B600                        MOV     DH,0            ; ヘッド0
    45 0000005F B102                        MOV     CL,2            ; セクタ2
    46                                  
    47                                  readloop:
    48 00000061 BE0000                      MOV     SI,0            ; 失敗回数を数えるレジスタ
    49                                  
    50                                  retry:
    51 00000064 B402                        MOV     AH,0x02         ; AH=0x02 : ディスク読み込み
    52 00000066 B001                        MOV     AL,1            ; 1セクタ
    53 00000068 BB0000                      MOV     BX,0
    54 0000006B B200                        MOV     DL,0x00         ; Aドライブ
    55 0000006D CD13                        INT     0x13            ; ディスクBIOS呼び出し
    56 0000006F 7310                        JNC     next            ; エラーが置きなければnextへ
    57 00000071 83C601                      ADD     SI,1            ; SIに1を足す
    58 00000074 83FE05                      CMP     SI,5            ; SIと5を比較
    59 00000077 7331                        JAE     error           ; SI >= 5 だったらerrorへ
    60 00000079 B400                        MOV     AH,0x00
    61 0000007B B200                        MOV     DL,0x00         ; Aドライブ
    62 0000007D CD13                        INT     0x13            ; ドライブのリセット
    63 0000007F EBE3                        JMP     retry
    64                                  
    65                                  next:
    66 00000081 8CC0                        MOV     AX,ES           ; アドレスを0x200進める
    67 00000083 83C020                      ADD     AX,0x0020
    68 00000086 8EC0                        MOV     ES,AX           ; ADD ES,0x020 という命令がないのでこうする
    69 00000088 80C101                      ADD     CL,1            ; CLに1を足す
    70 0000008B 80F912                      CMP     CL,18           ; CLと18を比較
    71 0000008E 76D1                        JBE     readloop        ; CL <= 18 だったらreadloopへ
    72 00000090 B101                        MOV     CL,1
    73 00000092 80C601                      ADD     DH,1
    74 00000095 80FE02                      CMP     DH,2
    75 00000098 72C7                        JB      readloop        ; DH < 2 だったらreadloopへ
    76 0000009A B600                        MOV     DH,0
    77 0000009C 80C501                      ADD     CH,1
    78 0000009F 80FD0A                      CMP     CH,CYLS
    79 000000A2 72BD                        JB      readloop        ; CH < CYLS だったらreadloopへ
    80                                  
    81                                  ; ブートセクタの読み込みが終わったのでOS本体を実行
    82 000000A4 E9(00C2)                    JMP     0xc200
    83                                  
    84                                  fin:
    85 000000A7 F4                          HLT                     ; 何かあるまでCPUを停止させる
    86 000000A8 EBFD                        JMP     fin             ; 無限ループ
    87                                  
    88                                  error:
    89 000000AA BE[BF00]                    MOV     SI,msg
    90                                  
    91                                  putloop:
    92 000000AD 8A04                        MOV     AL,[SI]
    93 000000AF 83C601                      ADD     SI,1            ; SIに1を足す
    94 000000B2 3C00                        CMP     AL,0
    95 000000B4 74F1                        JE      fin
    96 000000B6 B40E                        MOV     AH,0x0e         ; 一文字表示ファンクション
    97 000000B8 BB0F00                      MOV     BX,15           ; カラーコード
    98 000000BB CD10                        INT     0x10            ; ビデオBIOS呼び出し
    99 000000BD EBEE                        JMP     putloop
   100                                  
   101                                  msg:
   102 000000BF 0A0A                        DB      0x0a, 0x0a      ; 改行を2つ
   103 000000C1 68656C6C6F2C20776F-         DB      "hello, world"
   103 000000CA 726C64             
   104 000000CD 0A                          DB      0x0a            ; 改行
   105 000000CE 00                          DB      0
   106                                  
   107                                      ;RESB    0x7dfe-$        ; エラーになる。。。
   108 000000CF <res 0000012F>              RESB	0x7dfe-0x7c00-($-$$)		; 0x7dfeまでを0x00で埋める命令
   108          ******************       warning: uninitialized space declared in .text section: zeroing
   109 000001FE 55AA                        DB      0x55, 0xaa
   110                                  
   111                                  
   112                                  ; 以下はブートセクタ以外の部分の記述
   113                                  
   114 00000200 F0FFFF0000000000            DB      0xf0, 0xff, 0xff, 0x00, 0x00, 0x00, 0x00, 0x00
   115 00000208 <res 000011F8>              RESB    4600
   115          ******************       warning: uninitialized space declared in .text section: zeroing
   116 00001400 F0FFFF0000000000            DB      0xf0, 0xff, 0xff, 0x00, 0x00, 0x00, 0x00, 0x00
   117 00001408 <res 00166BF8>              RESB    1469432
   117          ******************       warning: uninitialized space declared in .text section: zeroing
